node.exe : npm warn Unknown cli config 
"--configuration". This will stop 
working in the next major version of 
npm.
No linha:1 caractere:1
+ & "C:\Program Files\nodejs/node.exe" 
"C:\Program Files\nodejs/node_mo ...
+ ~~~~~~~~~~~~~~~~~~~~~~~~~~~~~~~~~~~~~
~~~~~~~~~~~~~~~~~~~~~~~~~~~~~~~~
    + CategoryInfo          : N    
otSpecified: (npm warn Unkn    
ow...version of npm.:String    ) [], 
RemoteException
    + FullyQualifiedErrorId : N    
ativeCommandError
 

> frontend@0.0.0 build
> ng build

- Generating browser application 
bundles (phase: setup)...
Ô£ö Browser application bundle 
generation complete.
Ô£ö Browser application bundle 
generation complete.
- Copying assets...
Ô£ö Copying assets complete.
- Generating index html...
Ô£ö Index html generation complete.

Initial Chunk Files           | Names         |  Raw Size | Estimated Transfer Size
main.824f372e45c47f31.js      | main          | 306.31 kB |                77.69 kB
polyfills.794d7387aea30963.js | polyfills     |  33.09 kB |                10.63 kB
runtime.89bfad0fe920d2c9.js   | runtime       | 894 bytes |               518 bytes
styles.498d71e27921ba24.css   | styles        | 152 bytes |               104 bytes

| Initial Total | 340.42 kB |                88.93 kB

Build at: 2026-03-18T16:28:37.610Z - Hash: cbbe38542f28c729 - Time: 9690ms
